Level:      1
Score:      0
Hi Score:   0
----------
          
          
OO        
OO        
          
          
          
          
          
          
          
          
          
          
          
          
          
          
----------
Next:
    
    
  L 
LLL 

Level:      2
Score:      0
Hi Score:   0
----------
          
          
OO        
OO        
          
          
          
          
          
          
          
          
          
          
          
          
          
          
----------
Next:
    
    
  L 
LLL 

Level:      2
Score:      0
Hi Score:   0
----------
          
          
OO        
OO        
          
          
          
          
          
          
          
          
          
          
          
          
          
          
----------
Next:
    
    
  L 
LLL 

Level:      2
Score:      0
Hi Score:   0
----------
          
          
  L       
LLL       
          
          
          
          
          
          
          
          
          
          
          
          
OO        
OO        
----------
Next:
    
    
J   
JJJ 

Level:      2
Score:      0
Hi Score:   0
----------
          
L         
L         
LL        
          
          
          
          
          
          
          
          
          
          
          
          
OO        
OO        
----------
Next:
    
    
J   
JJJ 

Level:      2
Score:      0
Hi Score:   0
----------
          
  L       
  L       
  LL      
          
          
          
          
          
          
          
          
          
          
          
          
OO        
OO        
----------
Next:
    
    
J   
JJJ 

Level:      2
Score:      0
Hi Score:   0
----------
          
          
J         
JJJ       
          
          
          
          
          
          
          
          
          
          
          
  L       
OOL       
OOLL      
----------
Next:
    
    
    
IIII

Level:      2
Score:      0
Hi Score:   0
----------
          
 J        
 J        
JJ        
          
          
          
          
          
          
          
          
          
          
          
  L       
OOL       
OOLL      
----------
Next:
    
    
    
IIII

Level:      2
Score:      0
Hi Score:   0
----------
          
          
          
IIII      
          
          
          
          
          
          
          
          
          
 J        
 J        
JJL       
OOL       
OOLL      
----------
Next:
    
    
OO  
OO  

Level:      2
Score:      0
Hi Score:   0
----------
          
          
          
      IIII
          
          
          
          
          
          
          
          
          
 J        
 J        
JJL       
OOL       
OOLL      
----------
Next:
    
    
OO  
OO  

Level:      2
Score:      0
Hi Score:   0
----------
          
          
OO        
OO        
          
          
          
          
          
          
          
          
          
 J        
 J        
JJL       
OOL       
OOLL  IIII
----------
Next:
    
    
TTT 
 T  

Level:      2
Score:      0
Hi Score:   0
----------
          
          
    OO    
    OO    
          
          
          
          
          
          
          
          
          
 J        
 J        
JJL       
OOL       
OOLL  IIII
----------
Next:
    
    
TTT 
 T  

Level:      2
Score:     18
Hi Score:  18
----------
          
          
TTT       
 T        
          
          
          
          
          
          
          
          
          
          
 J        
 J        
JJL       
OOL OO    
----------
Next:
    
    
 SS 
SS  

